C:/Users/jhcho/Desktop/GITHUB/STM32G4_FDCAN/firmware/stm32g4-uds/src/common/core/qbuffer.c:7:6:qbufferInit	0	static
C:/Users/jhcho/Desktop/GITHUB/STM32G4_FDCAN/firmware/stm32g4-uds/src/common/core/qbuffer.c:12:6:qbufferCreate	0	static
C:/Users/jhcho/Desktop/GITHUB/STM32G4_FDCAN/firmware/stm32g4-uds/src/common/core/qbuffer.c:25:6:qbufferCreateBySize	8	static
C:/Users/jhcho/Desktop/GITHUB/STM32G4_FDCAN/firmware/stm32g4-uds/src/common/core/qbuffer.c:38:6:qbufferWrite	20	static
C:/Users/jhcho/Desktop/GITHUB/STM32G4_FDCAN/firmware/stm32g4-uds/src/common/core/qbuffer.c:73:6:qbufferRead	16	static
C:/Users/jhcho/Desktop/GITHUB/STM32G4_FDCAN/firmware/stm32g4-uds/src/common/core/qbuffer.c:107:10:qbufferPeekWrite	0	static
C:/Users/jhcho/Desktop/GITHUB/STM32G4_FDCAN/firmware/stm32g4-uds/src/common/core/qbuffer.c:112:10:qbufferPeekRead	0	static
C:/Users/jhcho/Desktop/GITHUB/STM32G4_FDCAN/firmware/stm32g4-uds/src/common/core/qbuffer.c:118:10:qbufferAvailable	0	static
C:/Users/jhcho/Desktop/GITHUB/STM32G4_FDCAN/firmware/stm32g4-uds/src/common/core/qbuffer.c:128:6:qbufferFlush	0	static
