C:/Users/jhcho/Desktop/GITHUB/STM32G4_FDCAN/firmware/stm32g4-uds/src/ap/can_manager.c:28:6:can_manager_init	24	static
C:/Users/jhcho/Desktop/GITHUB/STM32G4_FDCAN/firmware/stm32g4-uds/src/ap/can_manager.c:205:13:uds_get_service_name	0	static
C:/Users/jhcho/Desktop/GITHUB/STM32G4_FDCAN/firmware/stm32g4-uds/src/ap/can_manager.c:105:6:uds_print_message_info	24	static
C:/Users/jhcho/Desktop/GITHUB/STM32G4_FDCAN/firmware/stm32g4-uds/src/ap/can_manager.c:280:6:can_error_recovery	8	static
C:/Users/jhcho/Desktop/GITHUB/STM32G4_FDCAN/firmware/stm32g4-uds/src/ap/can_manager.c:247:6:can_error_check	24	static
C:/Users/jhcho/Desktop/GITHUB/STM32G4_FDCAN/firmware/stm32g4-uds/src/ap/can_manager.c:293:6:uds_auto_flow_control	96	static
C:/Users/jhcho/Desktop/GITHUB/STM32G4_FDCAN/firmware/stm32g4-uds/src/ap/can_manager.c:66:6:uds_rx_process	88	static
C:/Users/jhcho/Desktop/GITHUB/STM32G4_FDCAN/firmware/stm32g4-uds/src/ap/can_manager.c:54:6:can_manager_process	8	static
