C:/Users/jhcho/Desktop/GITHUB/STM32G4_FDCAN/firmware/stm32g4-uds/src/ap/diag_db.c:15:17:calculate_crc32.constprop	12	static
C:/Users/jhcho/Desktop/GITHUB/STM32G4_FDCAN/firmware/stm32g4-uds/src/ap/diag_db.c:32:6:diag_db_load_defaults	24	static
C:/Users/jhcho/Desktop/GITHUB/STM32G4_FDCAN/firmware/stm32g4-uds/src/ap/diag_db.c:109:6:diag_db_save_to_nvram	8	static
C:/Users/jhcho/Desktop/GITHUB/STM32G4_FDCAN/firmware/stm32g4-uds/src/ap/diag_db.c:121:6:diag_db_load_from_nvram	0	static
C:/Users/jhcho/Desktop/GITHUB/STM32G4_FDCAN/firmware/stm32g4-uds/src/ap/diag_db.c:129:6:diag_db_print_current_settings	24	static
C:/Users/jhcho/Desktop/GITHUB/STM32G4_FDCAN/firmware/stm32g4-uds/src/ap/diag_db.c:145:6:diag_db_set_vehicle_name	8	static
C:/Users/jhcho/Desktop/GITHUB/STM32G4_FDCAN/firmware/stm32g4-uds/src/ap/diag_db.c:155:6:diag_db_set_data_config	12	static
C:/Users/jhcho/Desktop/GITHUB/STM32G4_FDCAN/firmware/stm32g4-uds/src/ap/diag_db.c:164:6:diag_db_enable_data_type	0	static
C:/Users/jhcho/Desktop/GITHUB/STM32G4_FDCAN/firmware/stm32g4-uds/src/ap/diag_db.c:173:6:diag_db_set_did	0	static
C:/Users/jhcho/Desktop/GITHUB/STM32G4_FDCAN/firmware/stm32g4-uds/src/ap/diag_db.c:194:6:diag_db_set_data_params	20	static
C:/Users/jhcho/Desktop/GITHUB/STM32G4_FDCAN/firmware/stm32g4-uds/src/ap/diag_db.c:207:6:diag_db_set_data_format	8	static
C:/Users/jhcho/Desktop/GITHUB/STM32G4_FDCAN/firmware/stm32g4-uds/src/ap/diag_db.c:218:6:diag_db_set_data_info	24	static
C:/Users/jhcho/Desktop/GITHUB/STM32G4_FDCAN/firmware/stm32g4-uds/src/ap/diag_db.c:307:6:diag_db_find_did_group	20	static
C:/Users/jhcho/Desktop/GITHUB/STM32G4_FDCAN/firmware/stm32g4-uds/src/ap/diag_db.c:320:6:diag_db_send_group_request	16	static
C:/Users/jhcho/Desktop/GITHUB/STM32G4_FDCAN/firmware/stm32g4-uds/src/ap/diag_db.c:347:6:diag_db_process_periodic_requests	24	static
C:/Users/jhcho/Desktop/GITHUB/STM32G4_FDCAN/firmware/stm32g4-uds/src/ap/diag_db.c:371:6:diag_db_is_response_id	12	static
C:/Users/jhcho/Desktop/GITHUB/STM32G4_FDCAN/firmware/stm32g4-uds/src/ap/diag_db.c:384:6:diag_db_extract_data_value	32	static
C:/Users/jhcho/Desktop/GITHUB/STM32G4_FDCAN/firmware/stm32g4-uds/src/ap/diag_db.c:466:6:diag_db_send_data_request	16	static
C:/Users/jhcho/Desktop/GITHUB/STM32G4_FDCAN/firmware/stm32g4-uds/src/ap/diag_db.c:500:13:diag_db_get_data_type_name	0	static
C:/Users/jhcho/Desktop/GITHUB/STM32G4_FDCAN/firmware/stm32g4-uds/src/ap/diag_db.c:244:6:diag_db_rebuild_did_groups	64	static
C:/Users/jhcho/Desktop/GITHUB/STM32G4_FDCAN/firmware/stm32g4-uds/src/ap/diag_db.c:92:6:diag_db_init	8	static
C:/Users/jhcho/Desktop/GITHUB/STM32G4_FDCAN/firmware/stm32g4-uds/src/ap/diag_db.c:182:6:diag_db_set_request_id	8	static
C:/Users/jhcho/Desktop/GITHUB/STM32G4_FDCAN/firmware/stm32g4-uds/src/ap/diag_db.c:231:6:diag_db_set_request_period	8	static
C:/Users/jhcho/Desktop/GITHUB/STM32G4_FDCAN/firmware/stm32g4-uds/src/ap/diag_db.c:513:6:diag_db_is_steering_response	16	static
C:/Users/jhcho/Desktop/GITHUB/STM32G4_FDCAN/firmware/stm32g4-uds/src/ap/diag_db.c:522:6:diag_db_extract_steering_angle	0	static
C:/Users/jhcho/Desktop/GITHUB/STM32G4_FDCAN/firmware/stm32g4-uds/src/ap/diag_db.c:527:6:diag_db_send_steering_request	0	static
C:/Users/jhcho/Desktop/GITHUB/STM32G4_FDCAN/firmware/stm32g4-uds/src/ap/diag_db.c:532:13:diag_db_get_vehicle_name	0	static
C:/Users/jhcho/Desktop/GITHUB/STM32G4_FDCAN/firmware/stm32g4-uds/src/ap/diag_db.c:539:18:diag_db_ble_set_vehicle_name	8	static
C:/Users/jhcho/Desktop/GITHUB/STM32G4_FDCAN/firmware/stm32g4-uds/src/ap/diag_db.c:559:18:diag_db_ble_enable_data_type	16	static
C:/Users/jhcho/Desktop/GITHUB/STM32G4_FDCAN/firmware/stm32g4-uds/src/ap/diag_db.c:582:18:diag_db_ble_set_did	16	static
C:/Users/jhcho/Desktop/GITHUB/STM32G4_FDCAN/firmware/stm32g4-uds/src/ap/diag_db.c:605:18:diag_db_ble_set_request_id	16	static
C:/Users/jhcho/Desktop/GITHUB/STM32G4_FDCAN/firmware/stm32g4-uds/src/ap/diag_db.c:629:18:diag_db_ble_set_data_params	64	static
C:/Users/jhcho/Desktop/GITHUB/STM32G4_FDCAN/firmware/stm32g4-uds/src/ap/diag_db.c:655:18:diag_db_ble_set_data_format	40	static
C:/Users/jhcho/Desktop/GITHUB/STM32G4_FDCAN/firmware/stm32g4-uds/src/ap/diag_db.c:679:18:diag_db_ble_set_data_info	80	static
C:/Users/jhcho/Desktop/GITHUB/STM32G4_FDCAN/firmware/stm32g4-uds/src/ap/diag_db.c:702:18:diag_db_ble_set_request_period	16	static
C:/Users/jhcho/Desktop/GITHUB/STM32G4_FDCAN/firmware/stm32g4-uds/src/ap/diag_db.c:728:13:diag_db_ble_get_error_string	0	static
