C:/Users/JH/Desktop/GITHUB/STM32G4_FDCAN/firmware/stm32g4-fdcan/src/lib/STM32G4xx_HAL_Driver/Src/stm32g4xx_hal_pcd_ex.c:80:20:HAL_PCDEx_PMAConfig	8	static
C:/Users/JH/Desktop/GITHUB/STM32G4_FDCAN/firmware/stm32g4-fdcan/src/lib/STM32G4xx_HAL_Driver/Src/stm32g4xx_hal_pcd_ex.c:122:19:HAL_PCDEx_ActivateBCD	0	static
C:/Users/JH/Desktop/GITHUB/STM32G4_FDCAN/firmware/stm32g4-fdcan/src/lib/STM32G4xx_HAL_Driver/Src/stm32g4xx_hal_pcd_ex.c:143:19:HAL_PCDEx_DeActivateBCD	0	static
C:/Users/JH/Desktop/GITHUB/STM32G4_FDCAN/firmware/stm32g4-fdcan/src/lib/STM32G4xx_HAL_Driver/Src/stm32g4xx_hal_pcd_ex.c:253:19:HAL_PCDEx_ActivateLPM	0	static
C:/Users/JH/Desktop/GITHUB/STM32G4_FDCAN/firmware/stm32g4-fdcan/src/lib/STM32G4xx_HAL_Driver/Src/stm32g4xx_hal_pcd_ex.c:271:19:HAL_PCDEx_DeActivateLPM	0	static
C:/Users/JH/Desktop/GITHUB/STM32G4_FDCAN/firmware/stm32g4-fdcan/src/lib/STM32G4xx_HAL_Driver/Src/stm32g4xx_hal_pcd_ex.c:291:13:HAL_PCDEx_LPM_Callback	0	static
C:/Users/JH/Desktop/GITHUB/STM32G4_FDCAN/firmware/stm32g4-fdcan/src/lib/STM32G4xx_HAL_Driver/Src/stm32g4xx_hal_pcd_ex.c:308:13:HAL_PCDEx_BCD_Callback	0	static
C:/Users/JH/Desktop/GITHUB/STM32G4_FDCAN/firmware/stm32g4-fdcan/src/lib/STM32G4xx_HAL_Driver/Src/stm32g4xx_hal_pcd_ex.c:159:6:HAL_PCDEx_BCD_VBUSDetect	16	static
