C:/Users/JH/Desktop/GITHUB/STM32G4_FDCAN/firmware/stm32g4-fdcan/src/hw/driver/usb/usbd_conf.c:735:20:USBD_Get_USB_Status	0	static
C:/Users/JH/Desktop/GITHUB/STM32G4_FDCAN/firmware/stm32g4-fdcan/src/hw/driver/usb/usbd_conf.c:69:6:USBD_is_connected	0	static
C:/Users/JH/Desktop/GITHUB/STM32G4_FDCAN/firmware/stm32g4-fdcan/src/hw/driver/usb/usbd_conf.c:82:6:HAL_PCD_MspInit	16	static
C:/Users/JH/Desktop/GITHUB/STM32G4_FDCAN/firmware/stm32g4-fdcan/src/hw/driver/usb/usbd_conf.c:105:6:HAL_PCD_MspDeInit	8	static
C:/Users/JH/Desktop/GITHUB/STM32G4_FDCAN/firmware/stm32g4-fdcan/src/hw/driver/usb/usbd_conf.c:133:6:HAL_PCD_SetupStageCallback	0	static
C:/Users/JH/Desktop/GITHUB/STM32G4_FDCAN/firmware/stm32g4-fdcan/src/hw/driver/usb/usbd_conf.c:154:6:HAL_PCD_DataOutStageCallback	0	static
C:/Users/JH/Desktop/GITHUB/STM32G4_FDCAN/firmware/stm32g4-fdcan/src/hw/driver/usb/usbd_conf.c:175:6:HAL_PCD_DataInStageCallback	0	static
C:/Users/JH/Desktop/GITHUB/STM32G4_FDCAN/firmware/stm32g4-fdcan/src/hw/driver/usb/usbd_conf.c:195:6:HAL_PCD_SOFCallback	0	static
C:/Users/JH/Desktop/GITHUB/STM32G4_FDCAN/firmware/stm32g4-fdcan/src/hw/driver/usb/usbd_conf.c:215:6:HAL_PCD_ResetCallback	8	static
C:/Users/JH/Desktop/GITHUB/STM32G4_FDCAN/firmware/stm32g4-fdcan/src/hw/driver/usb/usbd_conf.c:246:6:HAL_PCD_SuspendCallback	8	static
C:/Users/JH/Desktop/GITHUB/STM32G4_FDCAN/firmware/stm32g4-fdcan/src/hw/driver/usb/usbd_conf.c:276:6:HAL_PCD_ResumeCallback	0	static
C:/Users/JH/Desktop/GITHUB/STM32G4_FDCAN/firmware/stm32g4-fdcan/src/hw/driver/usb/usbd_conf.c:307:6:HAL_PCD_ISOOUTIncompleteCallback	0	static
C:/Users/JH/Desktop/GITHUB/STM32G4_FDCAN/firmware/stm32g4-fdcan/src/hw/driver/usb/usbd_conf.c:328:6:HAL_PCD_ISOINIncompleteCallback	0	static
C:/Users/JH/Desktop/GITHUB/STM32G4_FDCAN/firmware/stm32g4-fdcan/src/hw/driver/usb/usbd_conf.c:348:6:HAL_PCD_ConnectCallback	0	static
C:/Users/JH/Desktop/GITHUB/STM32G4_FDCAN/firmware/stm32g4-fdcan/src/hw/driver/usb/usbd_conf.c:368:6:HAL_PCD_DisconnectCallback	0	static
C:/Users/JH/Desktop/GITHUB/STM32G4_FDCAN/firmware/stm32g4-fdcan/src/hw/driver/usb/usbd_conf.c:393:20:USBD_LL_Init	8	static
C:/Users/JH/Desktop/GITHUB/STM32G4_FDCAN/firmware/stm32g4-fdcan/src/hw/driver/usb/usbd_conf.c:457:20:USBD_LL_DeInit	8	static
C:/Users/JH/Desktop/GITHUB/STM32G4_FDCAN/firmware/stm32g4-fdcan/src/hw/driver/usb/usbd_conf.c:474:20:USBD_LL_Start	8	static
C:/Users/JH/Desktop/GITHUB/STM32G4_FDCAN/firmware/stm32g4-fdcan/src/hw/driver/usb/usbd_conf.c:491:20:USBD_LL_Stop	8	static
C:/Users/JH/Desktop/GITHUB/STM32G4_FDCAN/firmware/stm32g4-fdcan/src/hw/driver/usb/usbd_conf.c:511:20:USBD_LL_OpenEP	8	static
C:/Users/JH/Desktop/GITHUB/STM32G4_FDCAN/firmware/stm32g4-fdcan/src/hw/driver/usb/usbd_conf.c:529:20:USBD_LL_CloseEP	8	static
C:/Users/JH/Desktop/GITHUB/STM32G4_FDCAN/firmware/stm32g4-fdcan/src/hw/driver/usb/usbd_conf.c:547:20:USBD_LL_FlushEP	8	static
C:/Users/JH/Desktop/GITHUB/STM32G4_FDCAN/firmware/stm32g4-fdcan/src/hw/driver/usb/usbd_conf.c:565:20:USBD_LL_StallEP	8	static
C:/Users/JH/Desktop/GITHUB/STM32G4_FDCAN/firmware/stm32g4-fdcan/src/hw/driver/usb/usbd_conf.c:583:20:USBD_LL_ClearStallEP	8	static
C:/Users/JH/Desktop/GITHUB/STM32G4_FDCAN/firmware/stm32g4-fdcan/src/hw/driver/usb/usbd_conf.c:601:9:USBD_LL_IsStallEP	0	static
C:/Users/JH/Desktop/GITHUB/STM32G4_FDCAN/firmware/stm32g4-fdcan/src/hw/driver/usb/usbd_conf.c:621:20:USBD_LL_SetUSBAddress	8	static
C:/Users/JH/Desktop/GITHUB/STM32G4_FDCAN/firmware/stm32g4-fdcan/src/hw/driver/usb/usbd_conf.c:643:20:USBD_LL_Transmit	8	static
C:/Users/JH/Desktop/GITHUB/STM32G4_FDCAN/firmware/stm32g4-fdcan/src/hw/driver/usb/usbd_conf.c:663:20:USBD_LL_PrepareReceive	8	static
C:/Users/JH/Desktop/GITHUB/STM32G4_FDCAN/firmware/stm32g4-fdcan/src/hw/driver/usb/usbd_conf.c:681:10:USBD_LL_GetRxDataSize	0	static
C:/Users/JH/Desktop/GITHUB/STM32G4_FDCAN/firmware/stm32g4-fdcan/src/hw/driver/usb/usbd_conf.c:691:6:USBD_LL_Delay	0	static
C:/Users/JH/Desktop/GITHUB/STM32G4_FDCAN/firmware/stm32g4-fdcan/src/hw/driver/usb/usbd_conf.c:701:7:USBD_static_malloc	0	static
C:/Users/JH/Desktop/GITHUB/STM32G4_FDCAN/firmware/stm32g4-fdcan/src/hw/driver/usb/usbd_conf.c:712:6:USBD_static_free	0	static
