C:/Users/JH/Desktop/GITHUB/STM32G4_FDCAN/firmware/stm32g4-fdcan/src/hw/driver/cmd.c:32:6:cmdInit	0	static
C:/Users/JH/Desktop/GITHUB/STM32G4_FDCAN/firmware/stm32g4-fdcan/src/hw/driver/cmd.c:43:6:cmdOpen	8	static
C:/Users/JH/Desktop/GITHUB/STM32G4_FDCAN/firmware/stm32g4-fdcan/src/hw/driver/cmd.c:65:6:cmdClose	8	static
C:/Users/JH/Desktop/GITHUB/STM32G4_FDCAN/firmware/stm32g4-fdcan/src/hw/driver/cmd.c:78:6:cmdReceivePacket	24	static
C:/Users/JH/Desktop/GITHUB/STM32G4_FDCAN/firmware/stm32g4-fdcan/src/hw/driver/cmd.c:207:6:cmdSend	24	static
C:/Users/JH/Desktop/GITHUB/STM32G4_FDCAN/firmware/stm32g4-fdcan/src/hw/driver/cmd.c:254:6:cmdSendType	16	static
C:/Users/JH/Desktop/GITHUB/STM32G4_FDCAN/firmware/stm32g4-fdcan/src/hw/driver/cmd.c:262:6:cmdSendCmd	16	static
C:/Users/JH/Desktop/GITHUB/STM32G4_FDCAN/firmware/stm32g4-fdcan/src/hw/driver/cmd.c:270:6:cmdSendResp	16	static
C:/Users/JH/Desktop/GITHUB/STM32G4_FDCAN/firmware/stm32g4-fdcan/src/hw/driver/cmd.c:278:6:cmdSendCmdRxResp	16	static
