C:/Users/JH/Desktop/GITHUB/STM32G4_FDCAN/firmware/stm32g4-fdcan/src/hw/driver/flash.c:22:6:flashInit	8	static
C:/Users/JH/Desktop/GITHUB/STM32G4_FDCAN/firmware/stm32g4-fdcan/src/hw/driver/flash.c:33:6:flashInSector	8	static
C:/Users/JH/Desktop/GITHUB/STM32G4_FDCAN/firmware/stm32g4-fdcan/src/hw/driver/flash.c:72:6:flashErase	48	static
C:/Users/JH/Desktop/GITHUB/STM32G4_FDCAN/firmware/stm32g4-fdcan/src/hw/driver/flash.c:131:6:flashWrite	24	static
C:/Users/JH/Desktop/GITHUB/STM32G4_FDCAN/firmware/stm32g4-fdcan/src/hw/driver/flash.c:170:6:flashRead	0	static
