C:/Users/JH/Desktop/GITHUB/STM32G4_FDCAN/firmware/stm32g4-fdcan/src/hw/driver/rtc.c:17:6:rtcInit	8	static
C:/Users/JH/Desktop/GITHUB/STM32G4_FDCAN/firmware/stm32g4-fdcan/src/hw/driver/rtc.c:45:6:rtcGetInfo	32	static
C:/Users/JH/Desktop/GITHUB/STM32G4_FDCAN/firmware/stm32g4-fdcan/src/hw/driver/rtc.c:68:6:rtcGetTime	32	static
C:/Users/JH/Desktop/GITHUB/STM32G4_FDCAN/firmware/stm32g4-fdcan/src/hw/driver/rtc.c:87:6:rtcGetDate	72	static
C:/Users/JH/Desktop/GITHUB/STM32G4_FDCAN/firmware/stm32g4-fdcan/src/hw/driver/rtc.c:121:6:rtcSetTime	32	static
C:/Users/JH/Desktop/GITHUB/STM32G4_FDCAN/firmware/stm32g4-fdcan/src/hw/driver/rtc.c:143:6:rtcSetDate	32	static
C:/Users/JH/Desktop/GITHUB/STM32G4_FDCAN/firmware/stm32g4-fdcan/src/hw/driver/rtc.c:165:6:HAL_RTC_MspInit	80	static
C:/Users/JH/Desktop/GITHUB/STM32G4_FDCAN/firmware/stm32g4-fdcan/src/hw/driver/rtc.c:185:6:rtcSetReg	8	static
C:/Users/JH/Desktop/GITHUB/STM32G4_FDCAN/firmware/stm32g4-fdcan/src/hw/driver/rtc.c:198:6:rtcGetReg	8	static
C:/Users/JH/Desktop/GITHUB/STM32G4_FDCAN/firmware/stm32g4-fdcan/src/hw/driver/rtc.c:211:6:HAL_RTC_MspDeInit	0	static
