C:/Users/JH/Desktop/GITHUB/STM32G4_FDCAN/firmware/stm32g4-fdcan/src/hw/driver/uart.c:70:6:uartInit	8	static
C:/Users/JH/Desktop/GITHUB/STM32G4_FDCAN/firmware/stm32g4-fdcan/src/hw/driver/uart.c:92:6:uartDeInit	0	static
C:/Users/JH/Desktop/GITHUB/STM32G4_FDCAN/firmware/stm32g4-fdcan/src/hw/driver/uart.c:97:6:uartIsInit	0	static
C:/Users/JH/Desktop/GITHUB/STM32G4_FDCAN/firmware/stm32g4-fdcan/src/hw/driver/uart.c:102:6:uartOpen	32	static
C:/Users/JH/Desktop/GITHUB/STM32G4_FDCAN/firmware/stm32g4-fdcan/src/hw/driver/uart.c:182:6:uartIsOpen	8	static
C:/Users/JH/Desktop/GITHUB/STM32G4_FDCAN/firmware/stm32g4-fdcan/src/hw/driver/uart.c:201:6:uartClose	0	static
C:/Users/JH/Desktop/GITHUB/STM32G4_FDCAN/firmware/stm32g4-fdcan/src/hw/driver/uart.c:210:10:uartAvailable	8	static
C:/Users/JH/Desktop/GITHUB/STM32G4_FDCAN/firmware/stm32g4-fdcan/src/hw/driver/uart.c:250:9:uartRead	24	static
C:/Users/JH/Desktop/GITHUB/STM32G4_FDCAN/firmware/stm32g4-fdcan/src/hw/driver/uart.c:232:6:uartFlush	16	static
C:/Users/JH/Desktop/GITHUB/STM32G4_FDCAN/firmware/stm32g4-fdcan/src/hw/driver/uart.c:272:10:uartWrite	16	static
C:/Users/JH/Desktop/GITHUB/STM32G4_FDCAN/firmware/stm32g4-fdcan/src/hw/driver/uart.c:297:10:uartVPrintf	264	static
C:/Users/JH/Desktop/GITHUB/STM32G4_FDCAN/firmware/stm32g4-fdcan/src/hw/driver/uart.c:314:10:uartPrintf	276	static
C:/Users/JH/Desktop/GITHUB/STM32G4_FDCAN/firmware/stm32g4-fdcan/src/hw/driver/uart.c:332:10:uartGetBaud	0	static
C:/Users/JH/Desktop/GITHUB/STM32G4_FDCAN/firmware/stm32g4-fdcan/src/hw/driver/uart.c:347:10:uartGetRxCnt	0	static
C:/Users/JH/Desktop/GITHUB/STM32G4_FDCAN/firmware/stm32g4-fdcan/src/hw/driver/uart.c:354:10:uartGetTxCnt	0	static
C:/Users/JH/Desktop/GITHUB/STM32G4_FDCAN/firmware/stm32g4-fdcan/src/hw/driver/uart.c:361:6:HAL_UART_MspInit	128	static
C:/Users/JH/Desktop/GITHUB/STM32G4_FDCAN/firmware/stm32g4-fdcan/src/hw/driver/uart.c:505:6:HAL_UART_MspDeInit	8	static
