C:/Users/jhcho/Desktop/GITHUB/STM32G4_FDCAN/firmware/stm32g4-uds/src/hw/driver/button.c:154:6:buttonISR	32	static
C:/Users/jhcho/Desktop/GITHUB/STM32G4_FDCAN/firmware/stm32g4-uds/src/hw/driver/button.c:76:6:buttonInit	48	static
C:/Users/jhcho/Desktop/GITHUB/STM32G4_FDCAN/firmware/stm32g4-uds/src/hw/driver/button.c:133:6:buttonEventInit	12	static
C:/Users/jhcho/Desktop/GITHUB/STM32G4_FDCAN/firmware/stm32g4-uds/src/hw/driver/button.c:254:6:buttonClear	0	static
C:/Users/jhcho/Desktop/GITHUB/STM32G4_FDCAN/firmware/stm32g4-uds/src/hw/driver/button.c:268:6:buttonEnable	0	static
C:/Users/jhcho/Desktop/GITHUB/STM32G4_FDCAN/firmware/stm32g4-uds/src/hw/driver/button.c:273:6:buttonGetPressed	0	static
C:/Users/jhcho/Desktop/GITHUB/STM32G4_FDCAN/firmware/stm32g4-uds/src/hw/driver/button.c:283:10:buttonGetData	8	static
C:/Users/jhcho/Desktop/GITHUB/STM32G4_FDCAN/firmware/stm32g4-uds/src/hw/driver/button.c:296:13:buttonGetName	0	static
C:/Users/jhcho/Desktop/GITHUB/STM32G4_FDCAN/firmware/stm32g4-uds/src/hw/driver/button.c:303:10:buttonGetPressedCount	8	static
C:/Users/jhcho/Desktop/GITHUB/STM32G4_FDCAN/firmware/stm32g4-uds/src/hw/driver/button.c:319:6:buttonSetRepeatTime	12	static
C:/Users/jhcho/Desktop/GITHUB/STM32G4_FDCAN/firmware/stm32g4-uds/src/hw/driver/button.c:332:10:buttonGetRepeatCount	8	static
C:/Users/jhcho/Desktop/GITHUB/STM32G4_FDCAN/firmware/stm32g4-uds/src/hw/driver/button.c:343:10:buttonGetPressedTime	8	static
C:/Users/jhcho/Desktop/GITHUB/STM32G4_FDCAN/firmware/stm32g4-uds/src/hw/driver/button.c:357:6:buttonGetReleased	0	static
C:/Users/jhcho/Desktop/GITHUB/STM32G4_FDCAN/firmware/stm32g4-uds/src/hw/driver/button.c:369:10:buttonGetReleasedTime	8	static
C:/Users/jhcho/Desktop/GITHUB/STM32G4_FDCAN/firmware/stm32g4-uds/src/hw/driver/button.c:382:6:buttonEventClear	0	static
C:/Users/jhcho/Desktop/GITHUB/STM32G4_FDCAN/firmware/stm32g4-uds/src/hw/driver/button.c:397:6:buttonEventGetReleased	0	static
C:/Users/jhcho/Desktop/GITHUB/STM32G4_FDCAN/firmware/stm32g4-uds/src/hw/driver/button.c:412:6:buttonEventGetPressed	0	static
C:/Users/jhcho/Desktop/GITHUB/STM32G4_FDCAN/firmware/stm32g4-uds/src/hw/driver/button.c:427:10:buttonEventGetRepeat	8	static
