C:/Users/jhcho/Desktop/GITHUB/STM32G4_FDCAN/firmware/stm32g4-uds/src/hw/driver/cdc.c:22:6:cdcInit	8	static
C:/Users/jhcho/Desktop/GITHUB/STM32G4_FDCAN/firmware/stm32g4-uds/src/hw/driver/cdc.c:34:6:cdcIsInit	0	static
C:/Users/jhcho/Desktop/GITHUB/STM32G4_FDCAN/firmware/stm32g4-uds/src/hw/driver/cdc.c:39:6:cdcIsConnect	0	static
C:/Users/jhcho/Desktop/GITHUB/STM32G4_FDCAN/firmware/stm32g4-uds/src/hw/driver/cdc.c:44:10:cdcAvailable	0	static
C:/Users/jhcho/Desktop/GITHUB/STM32G4_FDCAN/firmware/stm32g4-uds/src/hw/driver/cdc.c:49:9:cdcRead	0	static
C:/Users/jhcho/Desktop/GITHUB/STM32G4_FDCAN/firmware/stm32g4-uds/src/hw/driver/cdc.c:54:10:cdcWrite	0	static
C:/Users/jhcho/Desktop/GITHUB/STM32G4_FDCAN/firmware/stm32g4-uds/src/hw/driver/cdc.c:59:10:cdcGetBaud	0	static
C:/Users/jhcho/Desktop/GITHUB/STM32G4_FDCAN/firmware/stm32g4-uds/src/hw/driver/cdc.c:64:9:cdcGetType	0	static
