C:/Users/jhcho/Desktop/GITHUB/STM32G4_FDCAN/firmware/stm32g4-uds/src/hw/driver/reset.c:33:6:resetInit	24	static
C:/Users/jhcho/Desktop/GITHUB/STM32G4_FDCAN/firmware/stm32g4-uds/src/hw/driver/reset.c:95:6:resetLog	0	static
C:/Users/jhcho/Desktop/GITHUB/STM32G4_FDCAN/firmware/stm32g4-uds/src/hw/driver/reset.c:106:6:resetToReset	0	static
C:/Users/jhcho/Desktop/GITHUB/STM32G4_FDCAN/firmware/stm32g4-uds/src/hw/driver/reset.c:111:10:resetGetBits	0	static
C:/Users/jhcho/Desktop/GITHUB/STM32G4_FDCAN/firmware/stm32g4-uds/src/hw/driver/reset.c:116:6:resetSetBits	0	static
C:/Users/jhcho/Desktop/GITHUB/STM32G4_FDCAN/firmware/stm32g4-uds/src/hw/driver/reset.c:121:6:resetSetBootMode	0	static
C:/Users/jhcho/Desktop/GITHUB/STM32G4_FDCAN/firmware/stm32g4-uds/src/hw/driver/reset.c:100:6:resetToBoot	8	static
C:/Users/jhcho/Desktop/GITHUB/STM32G4_FDCAN/firmware/stm32g4-uds/src/hw/driver/reset.c:127:10:resetGetBootMode	0	static
