C:/Users/jhcho/Desktop/GITHUB/STM32G4_FDCAN/firmware/stm32g4-uds/src/hw/driver/swtimer.c:40:6:swtimerInit	8	static
C:/Users/jhcho/Desktop/GITHUB/STM32G4_FDCAN/firmware/stm32g4-uds/src/hw/driver/swtimer.c:66:6:swtimerISR	16	static
C:/Users/jhcho/Desktop/GITHUB/STM32G4_FDCAN/firmware/stm32g4-uds/src/hw/driver/swtimer.c:96:6:swtimerSet	12	static
C:/Users/jhcho/Desktop/GITHUB/STM32G4_FDCAN/firmware/stm32g4-uds/src/hw/driver/swtimer.c:107:6:swtimerStart	0	static
C:/Users/jhcho/Desktop/GITHUB/STM32G4_FDCAN/firmware/stm32g4-uds/src/hw/driver/swtimer.c:115:6:swtimerStop	0	static
C:/Users/jhcho/Desktop/GITHUB/STM32G4_FDCAN/firmware/stm32g4-uds/src/hw/driver/swtimer.c:122:6:swtimerReset	0	static
C:/Users/jhcho/Desktop/GITHUB/STM32G4_FDCAN/firmware/stm32g4-uds/src/hw/driver/swtimer.c:130:18:swtimerGetHandle	0	static
C:/Users/jhcho/Desktop/GITHUB/STM32G4_FDCAN/firmware/stm32g4-uds/src/hw/driver/swtimer.c:142:10:swtimerGetCounter	0	static
