C:/Users/jhcho/Desktop/GITHUB/STM32G4_FDCAN/firmware/stm32g4-uds/src/common/hw/src/can_db.c:92:6:parse_wheel_speeds_message.part.0	0	static
C:/Users/jhcho/Desktop/GITHUB/STM32G4_FDCAN/firmware/stm32g4-uds/src/common/hw/src/can_db.c:119:6:create_wheel_speeds_message.part.0	16	static
C:/Users/jhcho/Desktop/GITHUB/STM32G4_FDCAN/firmware/stm32g4-uds/src/common/hw/src/can_db.c:92:6:parse_wheel_speeds_message	0	static
C:/Users/jhcho/Desktop/GITHUB/STM32G4_FDCAN/firmware/stm32g4-uds/src/common/hw/src/can_db.c:119:6:create_wheel_speeds_message	4	static
C:/Users/jhcho/Desktop/GITHUB/STM32G4_FDCAN/firmware/stm32g4-uds/src/common/hw/src/can_db.c:150:10:calculate_wheel_speeds_checksum	0	static
C:/Users/jhcho/Desktop/GITHUB/STM32G4_FDCAN/firmware/stm32g4-uds/src/common/hw/src/can_db.c:166:6:validate_wheel_speeds_message	8	static
C:/Users/jhcho/Desktop/GITHUB/STM32G4_FDCAN/firmware/stm32g4-uds/src/common/hw/src/can_db.c:179:7:calculate_vehicle_speed	0	static
C:/Users/jhcho/Desktop/GITHUB/STM32G4_FDCAN/firmware/stm32g4-uds/src/common/hw/src/can_db.c:194:21:get_vehicle_direction	0	static
C:/Users/jhcho/Desktop/GITHUB/STM32G4_FDCAN/firmware/stm32g4-uds/src/common/hw/src/can_db.c:219:6:print_wheel_speeds_message.part.0	32	static
C:/Users/jhcho/Desktop/GITHUB/STM32G4_FDCAN/firmware/stm32g4-uds/src/common/hw/src/can_db.c:219:6:print_wheel_speeds_message	0	static
C:/Users/jhcho/Desktop/GITHUB/STM32G4_FDCAN/firmware/stm32g4-uds/src/common/hw/src/can_db.c:246:6:parse_accelerator_message	24	static
C:/Users/jhcho/Desktop/GITHUB/STM32G4_FDCAN/firmware/stm32g4-uds/src/common/hw/src/can_db.c:269:7:calculate_accelerator_pedal_percent	0	static
C:/Users/jhcho/Desktop/GITHUB/STM32G4_FDCAN/firmware/stm32g4-uds/src/common/hw/src/can_db.c:277:6:print_accelerator_message	16	static
C:/Users/jhcho/Desktop/GITHUB/STM32G4_FDCAN/firmware/stm32g4-uds/src/common/hw/src/can_db.c:290:6:parse_brake_message	24	static
C:/Users/jhcho/Desktop/GITHUB/STM32G4_FDCAN/firmware/stm32g4-uds/src/common/hw/src/can_db.c:314:7:calculate_brake_pedal_percent	0	static
C:/Users/jhcho/Desktop/GITHUB/STM32G4_FDCAN/firmware/stm32g4-uds/src/common/hw/src/can_db.c:322:6:print_brake_message	16	static
C:/Users/jhcho/Desktop/GITHUB/STM32G4_FDCAN/firmware/stm32g4-uds/src/common/hw/src/can_db.c:335:6:parse_mdps_message	0	static
C:/Users/jhcho/Desktop/GITHUB/STM32G4_FDCAN/firmware/stm32g4-uds/src/common/hw/src/can_db.c:353:7:calculate_steering_angle_deg	0	static
C:/Users/jhcho/Desktop/GITHUB/STM32G4_FDCAN/firmware/stm32g4-uds/src/common/hw/src/can_db.c:361:6:print_mdps_message	24	static
C:/Users/jhcho/Desktop/GITHUB/STM32G4_FDCAN/firmware/stm32g4-uds/src/common/hw/src/can_db.c:378:6:parse_steering_sensors_message	0	static
C:/Users/jhcho/Desktop/GITHUB/STM32G4_FDCAN/firmware/stm32g4-uds/src/common/hw/src/can_db.c:398:7:calculate_steering_angle_deg_sensors	0	static
C:/Users/jhcho/Desktop/GITHUB/STM32G4_FDCAN/firmware/stm32g4-uds/src/common/hw/src/can_db.c:409:7:calculate_steering_rate_deg_per_sec	0	static
C:/Users/jhcho/Desktop/GITHUB/STM32G4_FDCAN/firmware/stm32g4-uds/src/common/hw/src/can_db.c:419:6:print_steering_sensors_message	16	static
C:/Users/jhcho/Desktop/GITHUB/STM32G4_FDCAN/firmware/stm32g4-uds/src/common/hw/src/can_db.c:432:6:parse_gear_message	0	static
C:/Users/jhcho/Desktop/GITHUB/STM32G4_FDCAN/firmware/stm32g4-uds/src/common/hw/src/can_db.c:448:14:get_gear_state	0	static
C:/Users/jhcho/Desktop/GITHUB/STM32G4_FDCAN/firmware/stm32g4-uds/src/common/hw/src/can_db.c:463:6:print_gear_message	8	static
C:/Users/jhcho/Desktop/GITHUB/STM32G4_FDCAN/firmware/stm32g4-uds/src/common/hw/src/can_db.c:484:6:parse_esp_status_message	0	static
C:/Users/jhcho/Desktop/GITHUB/STM32G4_FDCAN/firmware/stm32g4-uds/src/common/hw/src/can_db.c:506:6:print_esp_status_message	8	static
C:/Users/jhcho/Desktop/GITHUB/STM32G4_FDCAN/firmware/stm32g4-uds/src/common/hw/src/can_db.c:520:6:parse_lkas_alt_message	0	static
C:/Users/jhcho/Desktop/GITHUB/STM32G4_FDCAN/firmware/stm32g4-uds/src/common/hw/src/can_db.c:560:6:print_lkas_alt_message	8	static
C:/Users/jhcho/Desktop/GITHUB/STM32G4_FDCAN/firmware/stm32g4-uds/src/common/hw/src/can_db.c:580:6:parse_blindspots_rear_corners_message	0	static
C:/Users/jhcho/Desktop/GITHUB/STM32G4_FDCAN/firmware/stm32g4-uds/src/common/hw/src/can_db.c:623:6:print_blindspots_rear_corners_message	16	static
C:/Users/jhcho/Desktop/GITHUB/STM32G4_FDCAN/firmware/stm32g4-uds/src/common/hw/src/can_db.c:644:6:parse_cruise_buttons_message	0	static
C:/Users/jhcho/Desktop/GITHUB/STM32G4_FDCAN/firmware/stm32g4-uds/src/common/hw/src/can_db.c:663:6:print_cruise_buttons_message	8	static
C:/Users/jhcho/Desktop/GITHUB/STM32G4_FDCAN/firmware/stm32g4-uds/src/common/hw/src/can_db.c:680:6:parse_doors_seatbelts_message	0	static
C:/Users/jhcho/Desktop/GITHUB/STM32G4_FDCAN/firmware/stm32g4-uds/src/common/hw/src/can_db.c:699:6:print_doors_seatbelts_message	24	static
C:/Users/jhcho/Desktop/GITHUB/STM32G4_FDCAN/firmware/stm32g4-uds/src/common/hw/src/can_db.c:716:6:parse_blinkers_message	0	static
C:/Users/jhcho/Desktop/GITHUB/STM32G4_FDCAN/firmware/stm32g4-uds/src/common/hw/src/can_db.c:735:6:print_blinkers_message	16	static
C:/Users/jhcho/Desktop/GITHUB/STM32G4_FDCAN/firmware/stm32g4-uds/src/common/hw/src/can_db.c:752:6:create_accelerator_message	0	static
C:/Users/jhcho/Desktop/GITHUB/STM32G4_FDCAN/firmware/stm32g4-uds/src/common/hw/src/can_db.c:753:6:create_gear_message	0	static
C:/Users/jhcho/Desktop/GITHUB/STM32G4_FDCAN/firmware/stm32g4-uds/src/common/hw/src/can_db.c:754:6:create_esp_status_message	0	static
C:/Users/jhcho/Desktop/GITHUB/STM32G4_FDCAN/firmware/stm32g4-uds/src/common/hw/src/can_db.c:755:6:create_brake_message	0	static
C:/Users/jhcho/Desktop/GITHUB/STM32G4_FDCAN/firmware/stm32g4-uds/src/common/hw/src/can_db.c:756:6:create_mdps_message	0	static
C:/Users/jhcho/Desktop/GITHUB/STM32G4_FDCAN/firmware/stm32g4-uds/src/common/hw/src/can_db.c:757:6:create_steering_sensors_message	0	static
C:/Users/jhcho/Desktop/GITHUB/STM32G4_FDCAN/firmware/stm32g4-uds/src/common/hw/src/can_db.c:758:6:create_lkas_alt_message	0	static
C:/Users/jhcho/Desktop/GITHUB/STM32G4_FDCAN/firmware/stm32g4-uds/src/common/hw/src/can_db.c:759:6:create_scc_control_message	0	static
C:/Users/jhcho/Desktop/GITHUB/STM32G4_FDCAN/firmware/stm32g4-uds/src/common/hw/src/can_db.c:760:6:create_cruise_buttons_message	0	static
C:/Users/jhcho/Desktop/GITHUB/STM32G4_FDCAN/firmware/stm32g4-uds/src/common/hw/src/can_db.c:761:6:create_doors_seatbelts_message	0	static
C:/Users/jhcho/Desktop/GITHUB/STM32G4_FDCAN/firmware/stm32g4-uds/src/common/hw/src/can_db.c:762:6:create_blinkers_message	0	static
C:/Users/jhcho/Desktop/GITHUB/STM32G4_FDCAN/firmware/stm32g4-uds/src/common/hw/src/can_db.c:763:6:create_blindspots_rear_corners_message	0	static
C:/Users/jhcho/Desktop/GITHUB/STM32G4_FDCAN/firmware/stm32g4-uds/src/common/hw/src/can_db.c:766:10:calculate_accelerator_checksum	0	static
C:/Users/jhcho/Desktop/GITHUB/STM32G4_FDCAN/firmware/stm32g4-uds/src/common/hw/src/can_db.c:767:10:calculate_gear_checksum	0	static
C:/Users/jhcho/Desktop/GITHUB/STM32G4_FDCAN/firmware/stm32g4-uds/src/common/hw/src/can_db.c:768:10:calculate_esp_status_checksum	0	static
C:/Users/jhcho/Desktop/GITHUB/STM32G4_FDCAN/firmware/stm32g4-uds/src/common/hw/src/can_db.c:769:10:calculate_brake_checksum	0	static
C:/Users/jhcho/Desktop/GITHUB/STM32G4_FDCAN/firmware/stm32g4-uds/src/common/hw/src/can_db.c:770:10:calculate_mdps_checksum	0	static
C:/Users/jhcho/Desktop/GITHUB/STM32G4_FDCAN/firmware/stm32g4-uds/src/common/hw/src/can_db.c:771:10:calculate_steering_sensors_checksum	0	static
C:/Users/jhcho/Desktop/GITHUB/STM32G4_FDCAN/firmware/stm32g4-uds/src/common/hw/src/can_db.c:772:10:calculate_lkas_alt_checksum	0	static
C:/Users/jhcho/Desktop/GITHUB/STM32G4_FDCAN/firmware/stm32g4-uds/src/common/hw/src/can_db.c:773:10:calculate_scc_control_checksum	0	static
C:/Users/jhcho/Desktop/GITHUB/STM32G4_FDCAN/firmware/stm32g4-uds/src/common/hw/src/can_db.c:774:10:calculate_cruise_buttons_checksum	0	static
C:/Users/jhcho/Desktop/GITHUB/STM32G4_FDCAN/firmware/stm32g4-uds/src/common/hw/src/can_db.c:775:10:calculate_doors_seatbelts_checksum	0	static
C:/Users/jhcho/Desktop/GITHUB/STM32G4_FDCAN/firmware/stm32g4-uds/src/common/hw/src/can_db.c:776:10:calculate_blinkers_checksum	0	static
C:/Users/jhcho/Desktop/GITHUB/STM32G4_FDCAN/firmware/stm32g4-uds/src/common/hw/src/can_db.c:777:10:calculate_blindspots_rear_corners_checksum	0	static
C:/Users/jhcho/Desktop/GITHUB/STM32G4_FDCAN/firmware/stm32g4-uds/src/common/hw/src/can_db.c:780:6:validate_accelerator_message	0	static
C:/Users/jhcho/Desktop/GITHUB/STM32G4_FDCAN/firmware/stm32g4-uds/src/common/hw/src/can_db.c:781:6:validate_gear_message	0	static
C:/Users/jhcho/Desktop/GITHUB/STM32G4_FDCAN/firmware/stm32g4-uds/src/common/hw/src/can_db.c:782:6:validate_esp_status_message	0	static
C:/Users/jhcho/Desktop/GITHUB/STM32G4_FDCAN/firmware/stm32g4-uds/src/common/hw/src/can_db.c:783:6:validate_brake_message	0	static
C:/Users/jhcho/Desktop/GITHUB/STM32G4_FDCAN/firmware/stm32g4-uds/src/common/hw/src/can_db.c:784:6:validate_mdps_message	0	static
C:/Users/jhcho/Desktop/GITHUB/STM32G4_FDCAN/firmware/stm32g4-uds/src/common/hw/src/can_db.c:785:6:validate_steering_sensors_message	0	static
C:/Users/jhcho/Desktop/GITHUB/STM32G4_FDCAN/firmware/stm32g4-uds/src/common/hw/src/can_db.c:786:6:validate_lkas_alt_message	0	static
C:/Users/jhcho/Desktop/GITHUB/STM32G4_FDCAN/firmware/stm32g4-uds/src/common/hw/src/can_db.c:787:6:validate_scc_control_message	0	static
C:/Users/jhcho/Desktop/GITHUB/STM32G4_FDCAN/firmware/stm32g4-uds/src/common/hw/src/can_db.c:788:6:validate_cruise_buttons_message	0	static
C:/Users/jhcho/Desktop/GITHUB/STM32G4_FDCAN/firmware/stm32g4-uds/src/common/hw/src/can_db.c:789:6:validate_doors_seatbelts_message	0	static
C:/Users/jhcho/Desktop/GITHUB/STM32G4_FDCAN/firmware/stm32g4-uds/src/common/hw/src/can_db.c:790:6:validate_blinkers_message	0	static
C:/Users/jhcho/Desktop/GITHUB/STM32G4_FDCAN/firmware/stm32g4-uds/src/common/hw/src/can_db.c:791:6:validate_blindspots_rear_corners_message	0	static
C:/Users/jhcho/Desktop/GITHUB/STM32G4_FDCAN/firmware/stm32g4-uds/src/common/hw/src/can_db.c:802:6:test_wheel_speeds_parsing	72	static
C:/Users/jhcho/Desktop/GITHUB/STM32G4_FDCAN/firmware/stm32g4-uds/src/common/hw/src/can_db.c:795:6:test_all_can_messages	8	static
